
> web-platform@0.1.0 build
> next build

   Ôû▓ Next.js 14.1.0
   - Environments: .env

   Creating an optimized production build ...
 Ô£ô Compiled successfully
   Skipping validation of types
   Linting ...

./app/admin/bans/page.tsx
62:8  Warning: React Hook useEffect has a missing dependency: 'fetchBans'. Either include it or remove the dependency array.  react-hooks/exhaustive-deps

./app/admin/players/page.tsx
57:8  Warning: React Hook useEffect has a missing dependency: 'fetchPlayers'. Either include it or remove the dependency array.  react-hooks/exhaustive-deps
246:37  Warning: Using `<img>` could result in slower LCP and higher bandwidth. Consider using `<Image />` from `next/image` to automatically optimize images. This may incur additional usage or cost from your provider. See: https://nextjs.org/docs/messages/no-img-element  @next/next/no-img-element

./app/admin/reports/page.tsx
70:8  Warning: React Hook useEffect has missing dependencies: 'fetchReports' and 'fetchUserReports'. Either include them or remove the dependency array.  react-hooks/exhaustive-deps

./app/play/page.tsx
305:73  Warning: Using `<img>` could result in slower LCP and higher bandwidth. Consider using `<Image />` from `next/image` to automatically optimize images. This may incur additional usage or cost from your provider. See: https://nextjs.org/docs/messages/no-img-element  @next/next/no-img-element
501:81  Warning: Using `<img>` could result in slower LCP and higher bandwidth. Consider using `<Image />` from `next/image` to automatically optimize images. This may incur additional usage or cost from your provider. See: https://nextjs.org/docs/messages/no-img-element  @next/next/no-img-element
519:81  Warning: Using `<img>` could result in slower LCP and higher bandwidth. Consider using `<Image />` from `next/image` to automatically optimize images. This may incur additional usage or cost from your provider. See: https://nextjs.org/docs/messages/no-img-element  @next/next/no-img-element

./components/admin/AwardMedalModal.tsx
45:8  Warning: React Hook useEffect has a missing dependency: 'fetchData'. Either include it or remove the dependency array.  react-hooks/exhaustive-deps

./components/BetaGate.tsx
105:8  Warning: React Hook useEffect has a missing dependency: 'currentUsername'. Either include it or remove the dependency array.  react-hooks/exhaustive-deps

./components/match/match-chat.tsx
34:8  Warning: React Hook useEffect has a missing dependency: 'fetchMessages'. Either include it or remove the dependency array.  react-hooks/exhaustive-deps

./components/match/match-view.tsx
203:45  Warning: Using `<img>` could result in slower LCP and higher bandwidth. Consider using `<Image />` from `next/image` to automatically optimize images. This may incur additional usage or cost from your provider. See: https://nextjs.org/docs/messages/no-img-element  @next/next/no-img-element
244:45  Warning: Using `<img>` could result in slower LCP and higher bandwidth. Consider using `<Image />` from `next/image` to automatically optimize images. This may incur additional usage or cost from your provider. See: https://nextjs.org/docs/messages/no-img-element  @next/next/no-img-element

./components/PremiumCustomization.tsx
299:33  Warning: Using `<img>` could result in slower LCP and higher bandwidth. Consider using `<Image />` from `next/image` to automatically optimize images. This may incur additional usage or cost from your provider. See: https://nextjs.org/docs/messages/no-img-element  @next/next/no-img-element

./components/ProfileBackground.tsx
143:21  Warning: Using `<img>` could result in slower LCP and higher bandwidth. Consider using `<Image />` from `next/image` to automatically optimize images. This may incur additional usage or cost from your provider. See: https://nextjs.org/docs/messages/no-img-element  @next/next/no-img-element

info  - Need to disable some ESLint rules? Learn more here: https://nextjs.org/docs/basic-features/eslint#disabling-rules
   Collecting page data ...
node.exe : Missing STEAM_SECRET, 
returning dummy credentials provider 
for build.
En línea: 1 Carácter: 1
+ & "C:\Program Files\nodejs/node.exe" 
"C:\Program Files\nodejs/node_mo ...
+ ~~~~~~~~~~~~~~~~~~~~~~~~~~~~~~~~~~~~~
~~~~~~~~~~~~~~~~~~~~~~~~~~~~~~~~
    + CategoryInfo          : NotSpeci 
   fied: (Missing STEAM_S...ider for   
  build.:String) [], RemoteException
    + FullyQualifiedErrorId : NativeCo 
   mmandError
 
Missing STEAM_SECRET, returning dummy 
credentials provider for build.
Missing STEAM_SECRET, returning dummy 
credentials provider for build.
Missing STEAM_SECRET, returning dummy 
credentials provider for build.
Missing STEAM_SECRET, returning dummy 
credentials provider for build.
Missing STEAM_SECRET, returning dummy 
credentials provider for build.
Missing STEAM_SECRET, returning dummy 
credentials provider for build.
Missing STEAM_SECRET, returning dummy 
credentials provider for build.
Missing STEAM_SECRET, returning dummy 
credentials provider for build.
Missing STEAM_SECRET, returning dummy 
credentials provider for build.
Missing STEAM_SECRET, returning dummy 
credentials provider for build.
Error: Neither apiKey nor 
config.authenticator provided
    at r._setAuthenticator (C:\Users\Je
sus\.gemini\antigravity\scratch\l4d2-ra
nked\web-platform\.next\server\chunks\8
291.js:1:125174)
    at new r (C:\Users\Jesus\.gemini\an
tigravity\scratch\l4d2-ranked\web-platf
orm\.next\server\chunks\8291.js:1:11978
9)
    at 15922 (C:\Users\Jesus\.gemini\an
tigravity\scratch\l4d2-ranked\web-platf
orm\.next\server\app\api\stripe\portal\
route.js:1:4846)
    at t (C:\Users\Jesus\.gemini\antigr
avity\scratch\l4d2-ranked\web-platform\
.next\server\webpack-runtime.js:1:128)
    at 87440 (C:\Users\Jesus\.gemini\an
tigravity\scratch\l4d2-ranked\web-platf
orm\.next\server\app\api\stripe\portal\
route.js:1:1306)
    at t (C:\Users\Jesus\.gemini\antigr
avity\scratch\l4d2-ranked\web-platform\
.next\server\webpack-runtime.js:1:128)
    at t (C:\Users\Jesus\.gemini\antigr
avity\scratch\l4d2-ranked\web-platform\
.next\server\app\api\stripe\portal\rout
e.js:1:4999)
    at C:\Users\Jesus\.gemini\antigravi
ty\scratch\l4d2-ranked\web-platform\.ne
xt\server\app\api\stripe\portal\route.j
s:1:5046
    at t.X (C:\Users\Jesus\.gemini\anti
gravity\scratch\l4d2-ranked\web-platfor
m\.next\server\webpack-runtime.js:1:120
6)
    at C:\Users\Jesus\.gemini\antigravi
ty\scratch\l4d2-ranked\web-platform\.ne
xt\server\app\api\stripe\portal\route.j
s:1:5012
Error: Neither apiKey nor 
config.authenticator provided
    at r._setAuthenticator (C:\Users\Je
sus\.gemini\antigravity\scratch\l4d2-ra
nked\web-platform\.next\server\chunks\8
291.js:1:125174)
    at new r (C:\Users\Jesus\.gemini\an
tigravity\scratch\l4d2-ranked\web-platf
orm\.next\server\chunks\8291.js:1:11978
9)
    at 15922 (C:\Users\Jesus\.gemini\an
tigravity\scratch\l4d2-ranked\web-platf
orm\.next\server\app\api\stripe\checkou
t\route.js:1:5365)
    at t (C:\Users\Jesus\.gemini\antigr
avity\scratch\l4d2-ranked\web-platform\
.next\server\webpack-runtime.js:1:128)
    at 46560 (C:\Users\Jesus\.gemini\an
tigravity\scratch\l4d2-ranked\web-platf
orm\.next\server\app\api\stripe\checkou
t\route.js:1:1306)
    at t (C:\Users\Jesus\.gemini\antigr
avity\scratch\l4d2-ranked\web-platform\
.next\server\webpack-runtime.js:1:128)
    at t (C:\Users\Jesus\.gemini\antigr
avity\scratch\l4d2-ranked\web-platform\
.next\server\app\api\stripe\checkout\ro
ute.js:1:5518)
    at C:\Users\Jesus\.gemini\antigravi
ty\scratch\l4d2-ranked\web-platform\.ne
xt\server\app\api\stripe\checkout\route
.js:1:5565
    at t.X (C:\Users\Jesus\.gemini\anti
gravity\scratch\l4d2-ranked\web-platfor
m\.next\server\webpack-runtime.js:1:120
6)
    at C:\Users\Jesus\.gemini\antigravi
ty\scratch\l4d2-ranked\web-platform\.ne
xt\server\app\api\stripe\checkout\route
.js:1:5531

> Build error occurred
Error: Failed to collect page data for 
/api/stripe/portal
    at C:\Users\Jesus\.gemini\antigravi
ty\scratch\l4d2-ranked\web-platform\nod
e_modules\next\dist\build\utils.js:1258
:15
    at 
process.processTicksAndRejections (node
:internal/process/task_queues:103:5) {
  type: 'Error'
}
